// Jest Snapshot v1, https://goo.gl/fbAQLP

exports[`<CheckboxList> snapshots renders a checkbox list 1`] = `
.emotion-16 {
  border: 0;
  display: block;
  margin: 0;
  margin-top: 0;
  min-width: 0;
  padding: 0;
}

*:not(style) ~ .emotion-16 {
  margin-top: 16px;
}

.emotion-2 {
  display: block;
  margin-bottom: 12px;
  padding: 0;
}

.emotion-1 {
  -webkit-align-items: center;
  -webkit-box-align: center;
  -ms-flex-align: center;
  align-items: center;
  display: -webkit-inline-box;
  display: -webkit-inline-flex;
  display: -ms-inline-flexbox;
  display: inline-flex;
  -webkit-box-pack: justify;
  -webkit-justify-content: space-between;
  -ms-flex-pack: justify;
  justify-content: space-between;
  width: 100%;
}

.emotion-0 {
  -webkit-font-smoothing: antialiased;
  color: rgb(77,83,86);
  font-family: sans-serif;
  font-family: Lato;
  font-style: normal;
  font-size: 16px;
  font-weight: 400;
  line-height: 16px;
  color: #3d4251;
  display: inline-block;
  -webkit-flex: 0 1 auto;
  -ms-flex: 0 1 auto;
  flex: 0 1 auto;
  font-weight: 700;
  margin-right: 4px;
  overflow: hidden;
  text-overflow: ellipsis;
  white-space: nowrap;
}

.emotion-6 {
  color: #d1d3d8;
  display: -webkit-box;
  display: -webkit-flex;
  display: -ms-flexbox;
  display: flex;
  margin-top: 0;
  position: relative;
}

*:not(style) ~ .emotion-6 {
  margin-top: 14px;
}

.emotion-3 {
  opacity: 0;
  position: absolute;
  width: 0;
}

.emotion-3:active + span {
  border-width: 2px;
  height: 18px;
  left: 0;
  top: 0;
  width: 18px;
}

.emotion-3:focus + span {
  border-width: 2px;
  height: 18px;
  left: 0;
  top: 0;
  width: 18px;
}

.emotion-5 {
  -webkit-font-smoothing: antialiased;
  color: rgb(77,83,86);
  font-family: sans-serif;
  font-family: Lato;
  font-style: normal;
  font-size: 16px;
  font-weight: 400;
  line-height: 16px;
  margin-left: 24px;
}

.emotion-4 {
  -webkit-align-items: center;
  -webkit-box-align: center;
  -ms-flex-align: center;
  align-items: center;
  border-color: #fe5c5c;
  border-radius: 4px;
  border-style: solid;
  border-width: 1px;
  box-sizing: border-box;
  color: #fe5c5c;
  display: -webkit-box;
  display: -webkit-flex;
  display: -ms-flexbox;
  display: flex;
  height: 16px;
  -webkit-box-pack: center;
  -webkit-justify-content: center;
  -ms-flex-pack: center;
  justify-content: center;
  left: 1px;
  position: absolute;
  top: 1px;
  width: 16px;
}

.emotion-15 {
  -webkit-font-smoothing: antialiased;
  color: rgb(77,83,86);
  font-family: sans-serif;
  font-family: Lato;
  font-style: normal;
  font-size: 16px;
  font-weight: 400;
  line-height: 16px;
  color: #fe5c5c;
  display: block;
  font-size: 14px;
  margin-top: 8px;
}

.emotion-12 {
  -webkit-align-items: center;
  -webkit-box-align: center;
  -ms-flex-align: center;
  align-items: center;
  border-color: #e6eaeb;
  border-radius: 4px;
  border-style: solid;
  border-width: 1px;
  box-sizing: border-box;
  color: #e6eaeb;
  display: -webkit-box;
  display: -webkit-flex;
  display: -ms-flexbox;
  display: flex;
  height: 16px;
  -webkit-box-pack: center;
  -webkit-justify-content: center;
  -ms-flex-pack: center;
  justify-content: center;
  left: 1px;
  position: absolute;
  top: 1px;
  width: 16px;
}

.emotion-13 {
  -webkit-font-smoothing: antialiased;
  color: rgb(77,83,86);
  font-family: sans-serif;
  font-family: Lato;
  font-style: normal;
  font-size: 16px;
  font-weight: 400;
  line-height: 16px;
  margin-left: 24px;
  color: #d1d3d8;
}

.emotion-11 {
  opacity: 0;
  position: absolute;
  width: 0;
}

<fieldset
  class="emotion-16"
>
  <legend
    class="emotion-2"
  >
    <span
      class="emotion-1"
    >
      <span
        class="emotion-0"
      >
        test label
      </span>
    </span>
  </legend>
  <div>
    <label
      class="emotion-6"
      for="test value"
    >
      <input
        checked=""
        class="emotion-3"
        id="test value"
        name="test-name"
        type="checkbox"
      />
      <span
        class="emotion-4"
      >
        <svg
          aria-hidden="true"
          height="12"
          role="img"
          viewBox="0 0 18 18"
          width="12"
        >
          <path
            d="M13.746 4.337a1.015 1.015 0 011.409-.099c.417.354.462.97.101 1.378l-7.13 8.047a1.015 1.015 0 01-1.483.03L2.771 9.67a.961.961 0 01.044-1.38 1.015 1.015 0 011.412.041l3.113 3.235 6.406-7.229z"
            fill="currentColor"
            fill-rule="evenodd"
          />
        </svg>
      </span>
      <span
        class="emotion-5"
      >
        item 1
      </span>
    </label>
    <label
      class="emotion-6"
      for="value2"
    >
      <input
        class="emotion-3"
        id="value2"
        name="test-name"
        type="checkbox"
      />
      <span
        class="emotion-4"
      />
      <span
        class="emotion-5"
      >
        item 2
      </span>
    </label>
    <label
      class="emotion-6"
      for="value2"
    >
      <input
        class="emotion-11"
        disabled=""
        id="value2"
        name="test-name"
        type="checkbox"
      />
      <span
        class="emotion-12"
      />
      <span
        class="emotion-13"
      >
        item 3
      </span>
    </label>
  </div>
  <span
    class="emotion-15"
  >
    test error
  </span>
</fieldset>
`;
