// Jest Snapshot v1, https://goo.gl/fbAQLP

exports[`Badge renders with the provided colour, className and content 1`] = `
.emotion-0 {
  color: #05192D;
  font-family: Studio-Feixen-Sans,Arial,sans-serif;
  font-style: normal;
  font-weight: 800;
  line-height: 1.5;
  border-radius: 4px;
  display: inline-block;
  text-transform: uppercase;
  background-color: #05192D;
  color: #FFFFFF;
  font-size: 12px;
  line-height: 18px;
  padding-left: 4px;
  padding-right: 4px;
}

<strong
  class="test-class emotion-0"
>
  test content
</strong>
`;
