// Jest Snapshot v1, https://goo.gl/fbAQLP

exports[`<CodeBlock /> snapshots renders 1`] = `
.emotion-0 {
  background-color: rgb(239, 235, 228);
  border: 0;
  border-radius: 4px;
  line-height: 1.5;
  margin: 0;
  overflow: scroll;
  padding-bottom: 8px;
  padding-left: 12px;
  padding-right: 12px;
  padding-top: 8px;
}

*:not(style)~.emotion-0 {
  margin-top: 12px;
}

.emotion-1 {
  border: 0;
  border-radius: 4px;
  color: rgb(5, 25, 45);
  font-family: monospace;
  font-family: JetBrainsMonoNL;
  font-size: 14px;
  font-variant-ligatures: none;
  letter-spacing: 0;
  line-height: 1.5;
  margin: 0;
  padding: 0;
}

<pre
  class="emotion-0"
  tabindex="0"
>
  <code
    class="emotion-1"
  >
    example code
  </code>
</pre>
`;
