// Jest Snapshot v1, https://goo.gl/fbAQLP

exports[`<Emphasis /> renders 1`] = `
.emotion-0 {
  -webkit-font-smoothing: antialiased;
  color: rgb(5, 25, 45);
  font-family: Studio-Feixen-Sans,Arial;
  font-style: normal;
  font-style: italic;
  font-weight: 400;
  line-height: 16px;
}

<em
  class="example-class emotion-0"
  data-example="testdata"
  data-item="othertest"
>
  Some example text.
</em>
`;
