// Jest Snapshot v1, https://goo.gl/fbAQLP

exports[`<Text /> renders with a string 1`] = `
.emotion-0 {
  -webkit-font-smoothing: antialiased;
  color: rgb(5,25,45);
  font-family: Arial;
  font-family: Studio-Feixen-Sans;
  font-style: normal;
  color: #007bb6;
  cursor: pointer;
  font-size: 16px;
  font-weight: 400;
  line-height: 16px;
  -webkit-text-decoration: none;
  text-decoration: none;
}

.emotion-0:hover {
  -webkit-text-decoration: underline;
  text-decoration: underline;
}

<a
  class="example-class emotion-0"
  data-example="testdata"
  data-item="othertest"
  href="https://datacamp.com"
>
  Some example text.
</a>
`;
