// Jest Snapshot v1, https://goo.gl/fbAQLP

exports[`<Paragraph /> renders with Strong, Small, Text, Link and Emphasis children 1`] = `
.emotion-5 {
  -webkit-font-smoothing: antialiased;
  color: rgb(77,83,86);
  font-family: sans-serif;
  font-family: Lato;
  font-style: normal;
  font-size: 16px;
  font-weight: 400;
  line-height: 1.5;
  margin: 0;
}

*:not(style) ~ .emotion-5 {
  margin-top: 8px;
}

.emotion-0 {
  -webkit-font-smoothing: antialiased;
  color: rgb(77,83,86);
  font-family: sans-serif;
  font-family: Lato;
  font-style: normal;
  font-weight: 700;
  line-height: 16px;
}

.emotion-1 {
  -webkit-font-smoothing: antialiased;
  color: rgb(77,83,86);
  font-family: sans-serif;
  font-family: Lato;
  font-style: normal;
  font-size: 16px;
  font-weight: 400;
  line-height: 16px;
}

.emotion-2 {
  -webkit-font-smoothing: antialiased;
  color: rgb(77,83,86);
  font-family: sans-serif;
  font-family: Lato;
  font-style: normal;
  font-size: 14px;
  line-height: 16px;
}

.emotion-3 {
  -webkit-font-smoothing: antialiased;
  color: rgb(77,83,86);
  font-family: sans-serif;
  font-family: Lato;
  font-style: normal;
  font-style: italic;
  font-weight: 400;
  line-height: 16px;
}

.emotion-4 {
  -webkit-font-smoothing: antialiased;
  color: rgb(77,83,86);
  font-family: sans-serif;
  font-family: Lato;
  font-style: normal;
  color: #33aacc;
  cursor: pointer;
  font-size: 16px;
  font-weight: 400;
  line-height: 16px;
  -webkit-text-decoration: underline;
  text-decoration: underline;
}

<p
  class="example-class emotion-5"
  data-example="testdata"
  data-item="othertest"
>
  Some example text 
  <strong
    class="emotion-0"
  >
    with strong
  </strong>
   included, and also some
   
  <span
    class="emotion-1"
  >
    custom text
  </span>
  . It has some 
  <small
    class="emotion-2"
  >
    small text
  </small>
   and
   
  <em
    class="emotion-3"
  >
    emphasis text
  </em>
  . It also contains
   
  <a
    class="emotion-4"
    href="https://datacamp.com"
  >
    a link
  </a>
  .
</p>
`;

exports[`<Paragraph /> renders with a string 1`] = `
.emotion-0 {
  -webkit-font-smoothing: antialiased;
  color: rgb(77,83,86);
  font-family: sans-serif;
  font-family: Lato;
  font-style: normal;
  font-size: 16px;
  font-weight: 400;
  line-height: 1.5;
  margin: 0;
}

*:not(style) ~ .emotion-0 {
  margin-top: 8px;
}

<p
  class="example-class emotion-0"
  data-example="testdata"
  data-item="othertest"
>
  Some example text.
</p>
`;
