// Jest Snapshot v1, https://goo.gl/fbAQLP

exports[`<Strong /> renders 1`] = `
.emotion-0 {
  -webkit-font-smoothing: antialiased;
  color: rgb(5,25,45);
  font-family: sans-serif;
  font-family: Studio-Feixen-Sans-Variable;
  font-style: normal;
  font-weight: 800;
  line-height: 16px;
}

<strong
  class="example-class emotion-0"
  data-example="testdata"
  data-item="othertest"
>
  Some example text.
</strong>
`;
