// Jest Snapshot v1, https://goo.gl/fbAQLP

exports[`<Text /> renders 1`] = `
.emotion-0 {
  color: rgb(77,83,86);
  font-family: sans-serif;
  font-family: Lato;
  font-size: 16px;
  font-style: normal;
  font-weight: 400;
}

<span
  class="example-class emotion-0"
  data-cy="othertest"
  data-example="testdata"
>
  Some example text.
</span>
`;
