// Jest Snapshot v1, https://goo.gl/fbAQLP

exports[`<Tag /> creates a default tag 1`] = `
.emotion-0 {
  -webkit-align-items: center;
  -webkit-box-align: center;
  -ms-flex-align: center;
  align-items: center;
  border: 1px solid #e6eaeb;
  display: -webkit-inline-box;
  display: -webkit-inline-flex;
  display: -ms-inline-flexbox;
  display: inline-flex;
  font-size: 0.75rem;
  font-weight: 700;
  font-family: Lato;
  -webkit-letter-spacing: 0.6px;
  -moz-letter-spacing: 0.6px;
  -ms-letter-spacing: 0.6px;
  letter-spacing: 0.6px;
  line-height: 1;
  padding: 5px 11px;
  position: relative;
  text-transform: uppercase;
  white-space: nowrap;
  background-color: #ebf4f7;
  border-radius: 12px;
}

<Tag>
  <StyledTagDiv>
    <div
      className="emotion-0 emotion-1"
    >
      50XP
    </div>
  </StyledTagDiv>
</Tag>
`;
