// Jest Snapshot v1, https://goo.gl/fbAQLP

exports[`<Tag /> instantiates correctly the component 1`] = `
<styled.div
  className="dc-tag"
>
  50XP
</styled.div>
`;
