// Jest Snapshot v1, https://goo.gl/fbAQLP

exports[`<RadioList> snapshots renders a radio list 1`] = `
.emotion-17 {
  border: 0;
  display: block;
  margin: 0;
  margin-top: 0;
  min-width: 0;
  padding: 0;
}

*:not(style) ~ .emotion-17 {
  margin-top: 16px;
}

.emotion-2 {
  display: block;
  margin-bottom: 12px;
  padding: 0;
  width: 100%;
}

.emotion-1 {
  -webkit-align-items: center;
  -webkit-box-align: center;
  -ms-flex-align: center;
  align-items: center;
  display: -webkit-inline-box;
  display: -webkit-inline-flex;
  display: -ms-inline-flexbox;
  display: inline-flex;
  -webkit-box-pack: justify;
  -webkit-justify-content: space-between;
  -ms-flex-pack: justify;
  justify-content: space-between;
  width: 100%;
}

.emotion-0 {
  -webkit-font-smoothing: antialiased;
  color: rgb(5,25,45);
  font-family: Arial;
  font-family: Studio-Feixen-Sans-Variable;
  font-style: normal;
  font-size: 16px;
  font-weight: 400;
  line-height: 16px;
  color: #05192d;
  display: inline-block;
  -webkit-flex: 0 1 auto;
  -ms-flex: 0 1 auto;
  flex: 0 1 auto;
  font-weight: 800;
  margin-right: 4px;
  overflow: hidden;
  text-overflow: ellipsis;
  white-space: nowrap;
}

.emotion-7 {
  -webkit-align-items: center;
  -webkit-box-align: center;
  -ms-flex-align: center;
  align-items: center;
  display: -webkit-box;
  display: -webkit-flex;
  display: -ms-flexbox;
  display: flex;
  height: 20px;
  margin-top: 0;
  position: relative;
}

*:not(style) ~ .emotion-7 {
  margin-top: 10px;
}

.emotion-6 {
  -webkit-font-smoothing: antialiased;
  color: rgb(5,25,45);
  font-family: Arial;
  font-family: Studio-Feixen-Sans-Variable;
  font-style: normal;
  font-size: 16px;
  font-weight: 400;
  line-height: 16px;
  margin-left: 24px;
}

.emotion-3 {
  opacity: 0;
  position: absolute;
  width: 0;
}

.emotion-3:active + span {
  border-color: #dd3400;
}

.emotion-3:focus + span {
  border-color: #dd3400;
}

.emotion-4 {
  border-color: #ff5400;
  border-radius: 50%;
  border-style: solid;
  border-width: 2px;
  box-sizing: border-box;
  height: 18px;
  opacity: 1;
  position: absolute;
  width: 18px;
}

.emotion-5 {
  background-color: #ff5400;
  border-radius: 50%;
  box-sizing: border-box;
  height: 8px;
  margin-left: 5px;
  opacity: 1;
  position: absolute;
  width: 8px;
}

.emotion-16 {
  -webkit-font-smoothing: antialiased;
  color: rgb(5,25,45);
  font-family: Arial;
  font-family: Studio-Feixen-Sans-Variable;
  font-style: normal;
  font-size: 16px;
  font-weight: 400;
  line-height: 16px;
  color: #c01100;
  display: block;
  font-size: 14px;
  margin-top: 8px;
}

.emotion-14 {
  -webkit-font-smoothing: antialiased;
  color: rgb(5,25,45);
  font-family: Arial;
  font-family: Studio-Feixen-Sans-Variable;
  font-style: normal;
  font-size: 16px;
  font-weight: 400;
  line-height: 16px;
  margin-left: 24px;
  opacity: 0.3;
}

.emotion-12 {
  opacity: 0;
  position: absolute;
  width: 0;
}

.emotion-13 {
  border-color: #ff5400;
  border-radius: 50%;
  border-style: solid;
  border-width: 2px;
  box-sizing: border-box;
  height: 18px;
  opacity: 0.3;
  position: absolute;
  width: 18px;
}

<div
  class="emotion-17"
>
  <span
    class="emotion-2"
  >
    <span
      class="emotion-1"
    >
      <span
        class="emotion-0"
      >
        test label
      </span>
    </span>
  </span>
  <div>
    <label
      class="emotion-7"
      for="test value"
    >
      <input
        checked=""
        class="emotion-3"
        id="test value"
        name="test-name"
        type="radio"
      />
      <span
        class="emotion-4"
      />
      <span
        class="emotion-5"
      />
      <span
        class="emotion-6"
      >
        item 1
      </span>
    </label>
    <label
      class="emotion-7"
      for="value2"
    >
      <input
        class="emotion-3"
        id="value2"
        name="test-name"
        type="radio"
      />
      <span
        class="emotion-4"
      />
      <span
        class="emotion-6"
      >
        item 2
      </span>
    </label>
    <label
      class="emotion-7"
      for="value2"
    >
      <input
        class="emotion-12"
        disabled=""
        id="value2"
        name="test-name"
        type="radio"
      />
      <span
        class="emotion-13"
      />
      <span
        class="emotion-14"
      >
        item 3
      </span>
    </label>
  </div>
  <span
    class="emotion-16"
  >
    test error
  </span>
</div>
`;
