// Jest Snapshot v1, https://goo.gl/fbAQLP

exports[`CompactButtonGroup renders the buttons next to each other 1`] = `
.emotion-6 {
  display: -webkit-inline-box;
  display: -webkit-inline-flex;
  display: -ms-inline-flexbox;
  display: inline-flex;
  white-space: nowrap;
}

.emotion-1 {
  -webkit-align-items: center;
  -webkit-box-align: center;
  -ms-flex-align: center;
  align-items: center;
  border: none;
  border-radius: 4px;
  border-style: solid;
  border-width: 2px;
  cursor: pointer;
  display: -webkit-inline-box;
  display: -webkit-inline-flex;
  display: -ms-inline-flexbox;
  display: inline-flex;
  -webkit-box-pack: center;
  -webkit-justify-content: center;
  -ms-flex-pack: center;
  justify-content: center;
  position: relative;
  -webkit-text-decoration: none;
  text-decoration: none;
  text-transform: capitalize;
  -webkit-transition: 0.15s;
  transition: 0.15s;
  vertical-align: baseline;
  white-space: nowrap;
  background-color: transparent;
  border-color: #05192d;
  color: #05192d;
  padding: 0 15px;
  border-radius: 4px 0px 0px 4px;
  margin: 0;
}

.emotion-1:active {
  -webkit-transform: perspective(1px) scale(0.975);
  -ms-transform: perspective(1px) scale(0.975);
  transform: perspective(1px) scale(0.975);
}

.emotion-1:disabled,
.emotion-1:hover:disabled,
.emotion-1:active:disabled {
  -webkit-transform: none;
  -ms-transform: none;
  transform: none;
}

.emotion-1:focus {
  outline: 0;
}

.emotion-1:hover {
  background-color: rgba(5,25,45,0.15);
  border-color: #05192d;
  color: #05192d;
}

.emotion-1:active {
  -webkit-transform: none;
  -ms-transform: none;
  transform: none;
}

.emotion-1:focus {
  box-shadow: none;
}

.emotion-0 {
  -webkit-font-smoothing: antialiased;
  color: rgb(5,25,45);
  font-family: Arial;
  font-family: Studio-Feixen-Sans-Variable;
  font-style: normal;
  font-size: 16px;
  font-weight: 400;
  line-height: 16px;
  font-size: 16px;
  line-height: 44px;
  color: #05192d;
  font-weight: bold;
}

.emotion-3 {
  -webkit-align-items: center;
  -webkit-box-align: center;
  -ms-flex-align: center;
  align-items: center;
  border: none;
  border-radius: 4px;
  border-style: solid;
  border-width: 2px;
  cursor: pointer;
  display: -webkit-inline-box;
  display: -webkit-inline-flex;
  display: -ms-inline-flexbox;
  display: inline-flex;
  -webkit-box-pack: center;
  -webkit-justify-content: center;
  -ms-flex-pack: center;
  justify-content: center;
  position: relative;
  -webkit-text-decoration: none;
  text-decoration: none;
  text-transform: capitalize;
  -webkit-transition: 0.15s;
  transition: 0.15s;
  vertical-align: baseline;
  white-space: nowrap;
  background-color: transparent;
  border-color: #05192d;
  color: #05192d;
  padding: 0 15px;
  border-radius: 0px;
  margin: 0;
  margin-left: -2px;
}

.emotion-3:active {
  -webkit-transform: perspective(1px) scale(0.975);
  -ms-transform: perspective(1px) scale(0.975);
  transform: perspective(1px) scale(0.975);
}

.emotion-3:disabled,
.emotion-3:hover:disabled,
.emotion-3:active:disabled {
  -webkit-transform: none;
  -ms-transform: none;
  transform: none;
}

.emotion-3:focus {
  outline: 0;
}

.emotion-3:hover {
  background-color: rgba(5,25,45,0.15);
  border-color: #05192d;
  color: #05192d;
}

.emotion-3:active {
  -webkit-transform: none;
  -ms-transform: none;
  transform: none;
}

.emotion-3:focus {
  box-shadow: none;
}

.emotion-5 {
  -webkit-align-items: center;
  -webkit-box-align: center;
  -ms-flex-align: center;
  align-items: center;
  border: none;
  border-radius: 4px;
  border-style: solid;
  border-width: 2px;
  cursor: pointer;
  display: -webkit-inline-box;
  display: -webkit-inline-flex;
  display: -ms-inline-flexbox;
  display: inline-flex;
  -webkit-box-pack: center;
  -webkit-justify-content: center;
  -ms-flex-pack: center;
  justify-content: center;
  position: relative;
  -webkit-text-decoration: none;
  text-decoration: none;
  text-transform: capitalize;
  -webkit-transition: 0.15s;
  transition: 0.15s;
  vertical-align: baseline;
  white-space: nowrap;
  background-color: transparent;
  border-color: #05192d;
  color: #05192d;
  padding: 0 15px;
  border-radius: 0px 4px 4px 0px;
  margin: 0;
  margin-left: -2px;
}

.emotion-5:active {
  -webkit-transform: perspective(1px) scale(0.975);
  -ms-transform: perspective(1px) scale(0.975);
  transform: perspective(1px) scale(0.975);
}

.emotion-5:disabled,
.emotion-5:hover:disabled,
.emotion-5:active:disabled {
  -webkit-transform: none;
  -ms-transform: none;
  transform: none;
}

.emotion-5:focus {
  outline: 0;
}

.emotion-5:hover {
  background-color: rgba(5,25,45,0.15);
  border-color: #05192d;
  color: #05192d;
}

.emotion-5:active {
  -webkit-transform: none;
  -ms-transform: none;
  transform: none;
}

.emotion-5:focus {
  box-shadow: none;
}

<div
  class="emotion-6"
>
  <button
    class="emotion-1"
    type="submit"
  >
    <span
      class="emotion-0"
    >
      Button 1
    </span>
  </button>
  <button
    class="emotion-3"
    type="submit"
  >
    <span
      class="emotion-0"
    >
      Button 2
    </span>
  </button>
  <button
    class="emotion-5"
    type="submit"
  >
    <span
      class="emotion-0"
    >
      Button 3
    </span>
  </button>
</div>
`;
