// Jest Snapshot v1, https://goo.gl/fbAQLP

exports[`CloseButton renders the close button 1`] = `
.emotion-0 {
  -webkit-align-items: center;
  -webkit-box-align: center;
  -ms-flex-align: center;
  align-items: center;
  background-color: white;
  border: none;
  border-radius: 2px;
  color: #05192D;
  cursor: pointer;
  display: -webkit-box;
  display: -webkit-flex;
  display: -ms-flexbox;
  display: flex;
  -webkit-flex-direction: column;
  -ms-flex-direction: column;
  flex-direction: column;
  height: 32px;
  -webkit-box-pack: center;
  -ms-flex-pack: center;
  -webkit-justify-content: center;
  justify-content: center;
  outline: none;
  padding: 0;
  width: 32px;
  z-index: 1;
}

.emotion-0:active {
  color: #03EF62;
}

.emotion-0:disabled {
  color: #E1E1E8;
}

.emotion-0:disabled:hover,
.emotion-0:disabled:focus {
  background-color: transparent;
}

.emotion-0:focus {
  background-color: #EFEFF5;
}

.emotion-0:hover {
  background-color: #EFEFF5;
}

<button
  aria-label="Close"
  class="emotion-0"
  type="button"
>
  <svg
    aria-hidden="true"
    height="16"
    role="img"
    viewBox="0 0 18 18"
    width="16"
  >
    <path
      d="M9.005 7.625l4.83-4.83a.976.976 0 011.38 1.38l-4.83 4.83 4.82 4.82a.976.976 0 11-1.38 1.38l-4.82-4.82-4.83 4.83a.976.976 0 01-1.38-1.38l4.83-4.83-4.84-4.84a.976.976 0 111.38-1.38l4.84 4.84z"
      fill="currentColor"
      fill-rule="evenodd"
    />
  </svg>
</button>
`;
