// Jest Snapshot v1, https://goo.gl/fbAQLP

exports[`<Dialog /> isOpen mounts nothing when false 1`] = `
<body
  class=""
>
  <div
    class="ReactModalPortal"
  />
  <div />
  <div
    class="ReactModalPortal"
  />
</body>
`;

exports[`<Dialog /> isOpen renders the modal via a portal when true 1`] = `
.emotion-0 {
  overflow: hidden;
}

.emotion-1 {
  -webkit-align-items: center;
  -webkit-box-align: center;
  -ms-flex-align: center;
  align-items: center;
  background-color: rgba(5, 25, 45, 0.8);
  bottom: 0;
  display: -webkit-box;
  display: -webkit-flex;
  display: -ms-flexbox;
  display: flex;
  -webkit-box-pack: center;
  -ms-flex-pack: center;
  -webkit-justify-content: center;
  justify-content: center;
  left: 0;
  opacity: 0;
  position: fixed;
  right: 0;
  top: 0;
  -webkit-transition: opacity 0.6s cubic-bezier(0.19, 1, 0.22, 1);
  transition: opacity 0.6s cubic-bezier(0.19, 1, 0.22, 1);
  z-index: 900;
}

.emotion-2 {
  opacity: 1!important;
}

.emotion-3 {
  -webkit-align-items: center;
  -webkit-box-align: center;
  -ms-flex-align: center;
  align-items: center;
  display: -webkit-box;
  display: -webkit-flex;
  display: -ms-flexbox;
  display: flex;
  -webkit-flex-direction: column;
  -ms-flex-direction: column;
  flex-direction: column;
  -webkit-box-pack: center;
  -ms-flex-pack: center;
  -webkit-justify-content: center;
  justify-content: center;
  min-width: 0;
  opacity: 0;
  outline: none;
  position: relative;
  -webkit-transform: scale(0.5);
  -moz-transform: scale(0.5);
  -ms-transform: scale(0.5);
  transform: scale(0.5);
  -webkit-transition: 0.4s cubic-bezier(0.19, 1, 0.22, 1);
  transition: 0.4s cubic-bezier(0.19, 1, 0.22, 1);
  box-sizing: border-box;
  max-height: 100%;
  padding: 8px;
  width: 616px;
}

.emotion-4 {
  opacity: 1!important;
  -webkit-transform: none!important;
  -moz-transform: none!important;
  -ms-transform: none!important;
  transform: none!important;
}

.emotion-5 {
  -webkit-align-items: center;
  -webkit-box-align: center;
  -ms-flex-align: center;
  align-items: center;
  background-color: white;
  border: none;
  border-radius: 2px;
  color: rgb(5, 25, 45);
  cursor: pointer;
  display: -webkit-box;
  display: -webkit-flex;
  display: -ms-flexbox;
  display: flex;
  -webkit-flex-direction: column;
  -ms-flex-direction: column;
  flex-direction: column;
  height: 32px;
  -webkit-box-pack: center;
  -ms-flex-pack: center;
  -webkit-justify-content: center;
  justify-content: center;
  outline: none;
  padding: 0;
  width: 32px;
  z-index: 1;
  position: absolute;
  right: 16px;
  top: 16px;
}

.emotion-5:active {
  color: rgb(3, 239, 98);
}

.emotion-5:disabled {
  color: #D1D3D8;
}

.emotion-5:disabled:hover,
.emotion-5:disabled:focus {
  background-color: transparent;
}

.emotion-5:focus {
  background-color: rgb(239, 239, 239);
}

.emotion-5:hover {
  background-color: rgb(239, 239, 239);
}

.emotion-6 {
  background-color: #ffffff;
  border-radius: 4px;
  -webkit-transition: all 600ms cubic-bezier(0.075, 0.82, 0.165, 1);
  transition: all 600ms cubic-bezier(0.075, 0.82, 0.165, 1);
  box-shadow: 0 0 2px 0 rgba(5, 25, 45, 0.25),0 8px 12px -4px rgba(5,25,45,0.3);
  display: -webkit-box;
  display: -webkit-flex;
  display: -ms-flexbox;
  display: flex;
  -webkit-flex-direction: column;
  -ms-flex-direction: column;
  flex-direction: column;
  max-height: 100%;
  overflow: hidden;
  width: 100%;
}

<body
  class="emotion-0"
>
  <div
    data-react-modal-body-trap=""
    style="position: absolute; opacity: 0;"
    tabindex="0"
  />
  <div
    aria-hidden="true"
  />
  <div
    data-react-modal-body-trap=""
    style="position: absolute; opacity: 0;"
    tabindex="0"
  />
  <div
    class="ReactModalPortal"
  >
    <div
      class="modal-overlay emotion-1 emotion-2"
    >
      <div
        aria-label="Dialog"
        aria-modal="true"
        class="emotion-3 emotion-4"
        role="dialog"
        tabindex="-1"
      >
        <button
          aria-label="Close"
          class="emotion-5"
          type="button"
        >
          <svg
            aria-hidden="true"
            height="18"
            role="img"
            viewBox="0 0 18 18"
            width="18"
          >
            <title>
              Cross
            </title>
            <path
              d="M9.005 7.625l4.83-4.83a.976.976 0 011.38 1.38l-4.83 4.83 4.82 4.82a.976.976 0 11-1.38 1.38l-4.82-4.82-4.83 4.83a.976.976 0 01-1.38-1.38l4.83-4.83-4.84-4.84a.976.976 0 111.38-1.38l4.84 4.84z"
              fill="currentColor"
              fill-rule="evenodd"
            />
          </svg>
        </button>
        <div
          class="emotion-6"
        >
          children
        </div>
      </div>
    </div>
  </div>
</body>
`;
