// Jest Snapshot v1, https://goo.gl/fbAQLP

exports[`<AlertModal /> isOpen mounts nothing when false 1`] = `
<body
  class=""
>
  <div
    class="ReactModalPortal"
  />
  <div />
  <div
    class="ReactModalPortal"
  />
</body>
`;

exports[`<AlertModal /> isOpen renders the modal via a portal when true 1`] = `
.emotion-11 {
  opacity: 1 !important;
  -webkit-transform: translate(-50%,-50%) scale(1) !important;
  -ms-transform: translate(-50%,-50%) scale(1) !important;
  transform: translate(-50%,-50%) scale(1) !important;
}

.emotion-10 {
  left: 50%;
  margin: auto;
  opacity: 0;
  outline: none;
  position: absolute;
  top: 50%;
  -webkit-transform: translate(-50%,-50%) scale(0.5);
  -ms-transform: translate(-50%,-50%) scale(0.5);
  transform: translate(-50%,-50%) scale(0.5);
  -webkit-transition: 0.4s cubic-bezier(0.19,1,0.22,1);
  transition: 0.4s cubic-bezier(0.19,1,0.22,1);
  width: 480px;
}

.emotion-13 {
  opacity: 1 !important;
}

.emotion-12 {
  background-color: rgba(38,62,99,0.8);
  bottom: 0;
  left: 0;
  opacity: 0;
  position: fixed;
  right: 0;
  top: 0;
  -webkit-transition: opacity 0.6s cubic-bezier(0.19,1,0.22,1);
  transition: opacity 0.6s cubic-bezier(0.19,1,0.22,1);
  z-index: 100;
}

.emotion-14 {
  overflow: hidden;
}

.emotion-0 {
  -webkit-align-items: center;
  -webkit-box-align: center;
  -ms-flex-align: center;
  align-items: center;
  background-color: white;
  border: none;
  border-radius: 2px;
  color: rgb(61,66,81);
  cursor: pointer;
  display: -webkit-box;
  display: -webkit-flex;
  display: -ms-flexbox;
  display: flex;
  -webkit-flex-direction: column;
  -ms-flex-direction: column;
  flex-direction: column;
  height: 32px;
  -webkit-box-pack: center;
  -webkit-justify-content: center;
  -ms-flex-pack: center;
  justify-content: center;
  outline: none;
  padding: 0;
  position: absolute;
  right: 8px;
  top: 8px;
  width: 32px;
  z-index: 1;
}

.emotion-0:active {
  color: rgb(51,170,204);
}

.emotion-0:disabled {
  color: #D1D3D8;
}

.emotion-0:disabled:hover,
.emotion-0:disabled:focus {
  background-color: transparent;
}

.emotion-0:focus {
  background-color: rgb(240,244,245);
}

.emotion-0:hover {
  background-color: rgb(240,244,245);
}

.emotion-9 {
  background-color: rgb(255,255,255);
  border-radius: 4px;
  box-shadow: 0px 0px 1px 0px rgba(61,66,81,0.3),0 4px 8px 0 rgba(0,0,0,0.15);
  -webkit-transition: all 0.6s cubic-bezier(0.075,0.82,0.165,1);
  transition: all 0.6s cubic-bezier(0.075,0.82,0.165,1);
}

.emotion-8 {
  padding: 32px;
  text-align: center;
}

.emotion-1 {
  -webkit-font-smoothing: antialiased;
  color: rgb(77,83,86);
  font-family: sans-serif;
  font-family: Lato;
  font-style: normal;
  color: rgb(61,66,81);
  font-weight: 700;
  line-height: 1.25;
  margin: 0;
  overflow: auto;
  white-space: normal;
  font-size: 24px;
  margin-top: 16px;
}

.emotion-1:first-child:not(style),
.emotion-1 style:first-child + * {
  margin-top: 0;
}

.emotion-2 {
  -webkit-font-smoothing: antialiased;
  color: rgb(77,83,86);
  font-family: sans-serif;
  font-family: Lato;
  font-style: normal;
  font-size: 16px;
  font-weight: 400;
  line-height: 1.5;
  margin: 0;
  margin-top: 8px;
}

.emotion-2:first-child:not(style),
.emotion-2 style:first-child + * {
  margin-top: 0;
}

.emotion-7 {
  display: -webkit-inline-box;
  display: -webkit-inline-flex;
  display: -ms-inline-flexbox;
  display: inline-flex;
  white-space: nowrap;
  margin-top: 24px;
}

.emotion-4 {
  -webkit-align-items: center;
  -webkit-box-align: center;
  -ms-flex-align: center;
  align-items: center;
  border: none;
  border-radius: 4px;
  border-style: solid;
  border-width: 1px;
  cursor: pointer;
  display: -webkit-inline-box;
  display: -webkit-inline-flex;
  display: -ms-inline-flexbox;
  display: inline-flex;
  -webkit-box-pack: center;
  -webkit-justify-content: center;
  -ms-flex-pack: center;
  justify-content: center;
  -webkit-text-decoration: none;
  text-decoration: none;
  text-transform: capitalize;
  -webkit-transition: 0.15s;
  transition: 0.15s;
  vertical-align: baseline;
  white-space: nowrap;
  background-color: transparent;
  border-color: #33aacc;
  color: #33aacc;
  padding: 0 15px;
  margin-left: 0;
}

.emotion-4:active {
  -webkit-transform: perspective(1px) scale(0.975);
  -ms-transform: perspective(1px) scale(0.975);
  transform: perspective(1px) scale(0.975);
}

.emotion-4:disabled,
.emotion-4:hover:disabled,
.emotion-4:active:disabled {
  -webkit-transform: none;
  -ms-transform: none;
  transform: none;
}

.emotion-4:focus {
  outline: 0;
}

.emotion-4:focus {
  box-shadow: 0 0 0 4px rgba(51,170,204,0.2);
}

.emotion-4:hover {
  border-color: #2E8FAB;
  color: #2E8FAB;
}

.emotion-3 {
  -webkit-font-smoothing: antialiased;
  color: rgb(77,83,86);
  font-family: sans-serif;
  font-family: Lato;
  font-style: normal;
  font-size: 16px;
  font-weight: 400;
  line-height: 16px;
  font-size: 16px;
  line-height: 46px;
  color: #3d4251;
  font-weight: bold;
}

.emotion-6 {
  -webkit-align-items: center;
  -webkit-box-align: center;
  -ms-flex-align: center;
  align-items: center;
  border: none;
  border-radius: 4px;
  border-style: solid;
  border-width: 1px;
  cursor: pointer;
  display: -webkit-inline-box;
  display: -webkit-inline-flex;
  display: -ms-inline-flexbox;
  display: inline-flex;
  -webkit-box-pack: center;
  -webkit-justify-content: center;
  -ms-flex-pack: center;
  justify-content: center;
  -webkit-text-decoration: none;
  text-decoration: none;
  text-transform: capitalize;
  -webkit-transition: 0.15s;
  transition: 0.15s;
  vertical-align: baseline;
  white-space: nowrap;
  background-color: transparent;
  border-color: #33aacc;
  color: #33aacc;
  background-color: #33aacc;
  padding: 0 15px;
  margin-left: 16px;
}

.emotion-6:active {
  -webkit-transform: perspective(1px) scale(0.975);
  -ms-transform: perspective(1px) scale(0.975);
  transform: perspective(1px) scale(0.975);
}

.emotion-6:disabled,
.emotion-6:hover:disabled,
.emotion-6:active:disabled {
  -webkit-transform: none;
  -ms-transform: none;
  transform: none;
}

.emotion-6:focus {
  outline: 0;
}

.emotion-6:focus {
  box-shadow: 0 0 0 4px rgba(51,170,204,0.2);
}

.emotion-6:hover {
  border-color: #2E8FAB;
  color: #2E8FAB;
}

.emotion-6:hover {
  background-color: #2E8FAB;
  border-color: #2E8FAB;
}

.emotion-5 {
  -webkit-font-smoothing: antialiased;
  color: rgb(77,83,86);
  font-family: sans-serif;
  font-family: Lato;
  font-style: normal;
  font-size: 16px;
  font-weight: 400;
  line-height: 16px;
  font-size: 16px;
  line-height: 46px;
  color: white;
  font-weight: bold;
}

<body
  class="emotion-14"
>
  <div
    aria-hidden="true"
  />
  <div
    class="ReactModalPortal"
  >
    <div
      class="modal-overlay emotion-12 emotion-13"
    >
      <div
        aria-label="Alert dialog"
        class="emotion-10 emotion-11"
        role="dialog"
        tabindex="-1"
      >
        <button
          aria-label="Close"
          class="emotion-0"
          type="button"
        >
          <svg
            aria-hidden="false"
            height="18"
            role="img"
            viewBox="0 0 18 18"
            width="18"
          >
            <title>
              Cross
            </title>
            <path
              d="M9.005 7.625l4.83-4.83a.976.976 0 0 1 1.38 1.38l-4.83 4.83 4.82 4.82a.976.976 0 1 1-1.38 1.38l-4.82-4.82-4.83 4.83a.976.976 0 0 1-1.38-1.38l4.83-4.83-4.84-4.84a.976.976 0 1 1 1.38-1.38l4.84 4.84z"
              fill="currentColor"
              fill-rule="evenodd"
            />
          </svg>
        </button>
        <div
          class="emotion-9"
        >
          <div
            class="emotion-8"
          >
            <h1
              class="emotion-1"
            >
              test title
            </h1>
            <p
              class="emotion-2"
            >
              test description
            </p>
            <div
              class="emotion-7"
            >
              <button
                class="emotion-4"
                type="button"
              >
                <span
                  class="emotion-3"
                >
                  Cancel
                </span>
              </button>
              <button
                class="emotion-6"
                type="button"
              >
                <span
                  class="emotion-5"
                >
                  Confirm
                </span>
              </button>
            </div>
          </div>
        </div>
      </div>
    </div>
  </div>
</body>
`;
