// Jest Snapshot v1, https://goo.gl/fbAQLP

exports[`ResizableElements renders the correct sized elements 1`] = `
.emotion-0 {
  display: -webkit-box;
  display: -webkit-flex;
  display: -ms-flexbox;
  display: flex;
  -webkit-flex-direction: row;
  -ms-flex-direction: row;
  flex-direction: row;
  height: 100%;
  position: relative;
  width: 100%;
}

.emotion-1 {
  height: 100%;
  float: left;
  position: relative;
}

.emotion-2 {
  cursor: col-resize;
  height: 100%;
  width: 5px;
}

.emotion-2:hover {
  background-color: #e5e1da;
}

<div
  class="emotion-0"
>
  <div
    class="emotion-1"
    style="width: calc(33.333333333333336% + -3.3333333333333335px);"
  >
    <div>
      firstChild
    </div>
  </div>
  <div
    class="emotion-2"
    role="separator"
    style="left: 0px;"
  />
  <div
    class="emotion-1"
    style="width: calc(33.333333333333336% + -3.3333333333333335px);"
  >
    <div>
      secondChild
    </div>
  </div>
  <div
    class="emotion-2"
    role="separator"
    style="left: 0px;"
  />
  <div
    class="emotion-1"
    style="width: calc(33.333333333333336% + -3.3333333333333335px);"
  >
    <div>
      thirdChild
    </div>
  </div>
</div>
`;
